// Jest Snapshot v1, https://goo.gl/fbAQLP

exports[`DotTip should render correctly 1`] = `
<span>
  <DotTipFill>
    <div
      aria-label="New User Guide"
      aria-modal="true"
      className="editor-dot-tip is-right"
      role="dialog"
      style={Object {}}
    >
      <div
        className="editor-dot-tip__content"
      >
        <p>
          It looks like youâ€™re writing a letter. Would you like help?
        </p>
        <p>
          <Button
            isLink={true}
          >
            Got it
          </Button>
        </p>
        <IconButton
          className="editor-dot-tip__close"
          icon="no-alt"
          label="Disable guide"
        />
      </div>
    </div>
  </DotTipFill>
</span>
`;
